[donate.thedigital.gov.ua/site.webmanifest]
[donate.thedigital.gov.ua/favicon-16x16.png]
[donate.thedigital.gov.ua/favicon-32x32.png]
[donate.thedigital.gov.ua/apple-touch-icon.png]
[backblue.gif]
[fade.gif]
[index.html]
[donate.thedigital.gov.ua/static/og-image-9200d405a258915cd2b11a01bf5a2c9d.jpg]
[donate.thedigital.gov.ua/static/BanderaPro-Italic-8dc4e4d29542634ffce5866b8587e7d0.woff2]
[donate.thedigital.gov.ua/static/BanderaPro-bb5e5f617cbc99ee86aaaa248e9b3797.woff2]
[donate.thedigital.gov.ua/static/OsnovaPro-408d3285a1fd7964ae6740b5053a1625.woff2]
[donate.thedigital.gov.ua/static/OsnovaProMedium-bdbaa307df4ad7542ed795eb19ab7515.woff2]
[donate.thedigital.gov.ua/static/bg-b339ceb9cdf314bc57ce89f092a4dede.jpg]
[donate.thedigital.gov.ua/webpack-runtime-0bc948b68f86442f0716.js]
[donate.thedigital.gov.ua/framework-d9b093309510bbd6a081.js]
[donate.thedigital.gov.ua/app-7b42aca7260bb8aa3a41.js]
[donate.thedigital.gov.ua/061e6b60-e84090297980fe656f0d.js]
[donate.thedigital.gov.ua/91472edf-010c587864c3571136a9.js]
[donate.thedigital.gov.ua/8015bd09-5d0f7936e4d4f8aadc84.js]
[donate.thedigital.gov.ua/f7fd0995-a8bfb571c950ea7b1df1.js]
[donate.thedigital.gov.ua/79312bba-571eeaf6388bb9d00792.js]
[donate.thedigital.gov.ua/a5cab8d3-f2a2a7a6cfe360c097ac.js]
[donate.thedigital.gov.ua/a3f910ba-6d0df544e5ae2d8f7fad.js]
[donate.thedigital.gov.ua/d0358ebe-77968bf9844bf5a44e62.js]
[donate.thedigital.gov.ua/a7c91fa1-6ef2eec03ee69617a2aa.js]
[donate.thedigital.gov.ua/839fce4b-525044e1d6dff67c2603.js]
[donate.thedigital.gov.ua/66da51db-bdc48f1733ecccc8e864.js]
[donate.thedigital.gov.ua/16707403-e120f336a692d2511664.js]
[donate.thedigital.gov.ua/1f25fb04-e2cf69ee320bed23c8d8.js]
[donate.thedigital.gov.ua/0fc6fe67-1685b2bd21048cedff40.js]
[donate.thedigital.gov.ua/e3ae4fdb-58333093ed7145fa43fb.js]
[donate.thedigital.gov.ua/1385979a-a334d6ea6d803b8a5ec9.js]
[donate.thedigital.gov.ua/10023563-97dc1178de6e74c0f390.js]
[donate.thedigital.gov.ua/d8158746-d21af01654cfb2fa63b9.js]
[donate.thedigital.gov.ua/46587f98-95eced336cd8e70d0d12.js]
[donate.thedigital.gov.ua/adad2a10-35bbce72da09919951d2.js]
[donate.thedigital.gov.ua/922edf34-be062b6b3737e5889ba4.js]
[donate.thedigital.gov.ua/component---src-pages-index-js-9534b80fb561def48ee6.js]
[donate.thedigital.gov.ua/page-data/index/page-data.json]
[donate.thedigital.gov.ua/page-data/sq/d/2132729620.json]
[donate.thedigital.gov.ua/page-data/sq/d/2783870372.json]
[donate.thedigital.gov.ua/page-data/sq/d/3395836686.json]
[donate.thedigital.gov.ua/page-data/sq/d/3649515864.json]
[donate.thedigital.gov.ua/page-data/sq/d/4268659861.json]
[donate.thedigital.gov.ua/page-data/app-data.json]
[donate.thedigital.gov.ua/nft.html]
[donate.thedigital.gov.ua/static/7bf6733eaccadd41f4699c03dc60ea9e/1c9ce/fedorov.png]
[donate.thedigital.gov.ua/static/1d2c0fb0b41525118ef808f02c6f32b5/1c9ce/mike.png]
[donate.thedigital.gov.ua/static/230f3ba4cd592dbc48f1ee0c31884078/1c9ce/alex.png]
[donate.thedigital.gov.ua/static/abd2dc269fb3e200260c50bdd6a2b91d/1c9ce/sam.png]
[donate.thedigital.gov.ua/static/8098203b112161d2b9cfec7e98c027a5/2070e/_LEV0799res.jpg]
[donate.thedigital.gov.ua/static/3e214459a8e83492f02fa654714162d2/2070e/_LEV1444res.jpg]
[donate.thedigital.gov.ua/static/8a5211266b74ca3aeb386fb2f7947dcf/2070e/_LEV1129res.jpg]
[donate.thedigital.gov.ua/static/8f9c48a65717b9c66c6f5699a414d973/2070e/_LEV1245res.jpg]
[donate.thedigital.gov.ua/static/d976cc88822c17a08a66bf232c68155f/2070e/DJI_0018res.jpg]
[donate.thedigital.gov.ua/polyfill-7bf1adf5d4784b98e793.js]
[donate.thedigital.gov.ua/index.html]
[donate.thedigital.gov.ua/safari-pinned-tab.svg]
[donate.thedigital.gov.ua/static/logo-e48ea93d770e370520fad32e653e4933.svg]
[donate.thedigital.gov.ua/nft/safari-pinned-tab.svg]
[donate.thedigital.gov.ua/nft/favicon-16x16.png]
[donate.thedigital.gov.ua/nft/favicon-32x32.png]
[donate.thedigital.gov.ua/nft/apple-touch-icon.png]
[donate.thedigital.gov.ua/nft/_next/static/css/dcac5aca2903f13a.css]
[donate.thedigital.gov.ua/nft/_next/static/css/a419720239c70119.css]
[donate.thedigital.gov.ua/nft/_next/static/css/945bbcffd72811ef.css]
[donate.thedigital.gov.ua/nft/_next/static/chunks/polyfills-5cd94c89d3acac5f.js]
[donate.thedigital.gov.ua/nft/_next/static/chunks/webpack-8fb3d75e4055be24.js]
[donate.thedigital.gov.ua/nft/_next/static/chunks/framework-5f4595e5518b5600.js]
[donate.thedigital.gov.ua/nft/_next/static/chunks/main-cbc9bb87ed16a3fe.js]
[donate.thedigital.gov.ua/nft/_next/static/chunks/pages/_app-463f2f42ee59ab57.js]
[donate.thedigital.gov.ua/nft/_next/static/chunks/681-f9033fcd374cbb45.js]
[donate.thedigital.gov.ua/nft/_next/static/chunks/pages/index-b2936ce6409c79b2.js]
[donate.thedigital.gov.ua/nft/_next/static/fAWjSBiM649l4jBMeZgwA/_buildManifest.js]
[donate.thedigital.gov.ua/nft/_next/static/fAWjSBiM649l4jBMeZgwA/_ssgManifest.js]
[donate.thedigital.gov.ua/nft/_next/static/fAWjSBiM649l4jBMeZgwA/_middlewareManifest.js]
[donate.thedigital.gov.ua/nft/images/logo.svg]
[donate.thedigital.gov.ua/nft/images/promo-bg.jpg]
[donate.thedigital.gov.ua/nft/images/Collections/logo-1.svg]
[donate.thedigital.gov.ua/nft/images/Collections/logo-2.svg]
[donate.thedigital.gov.ua/nft/images/Collections/logo-3.svg]
[donate.thedigital.gov.ua/nft/images/Collections/logo-4.svg]
[donate.thedigital.gov.ua/nft/images/Collections/logo-5.svg]
[donate.thedigital.gov.ua/nft/images/Collections/logo-8.svg]
[donate.thedigital.gov.ua/nft/images/Collections/logo-9.jpg]
[donate.thedigital.gov.ua/nft/images/Collections/logo-6.svg]
[donate.thedigital.gov.ua/nft.html]
[donate.thedigital.gov.ua/static/icons-dd4be5d16911d0bcfbc5335bb8312d23.svg]
[donate.thedigital.gov.ua/static/partners-e5a873394986d31966202f2887f3a9aa.svg]
[donate.thedigital.gov.ua/nft/safari-pinned-tab.svg]
[donate.thedigital.gov.ua/nft/images/Collections/logo-7.svg]
[donate.thedigital.gov.ua/nft/fonts/e-Ukraine-Light.woff2]
[donate.thedigital.gov.ua/nft/fonts/e-Ukraine-Light.woff]
[donate.thedigital.gov.ua/nft/fonts/e-Ukraine-Bold.woff2]
[donate.thedigital.gov.ua/nft/fonts/e-Ukraine-Bold.woff]
[donate.thedigital.gov.ua/nft/fonts/e-Ukraine-Regular.woff2]
[donate.thedigital.gov.ua/nft/fonts/e-Ukraine-Regular.woff]
[donate.thedigital.gov.ua/nft/fonts/e-Ukraine-Thin.woff2]
[donate.thedigital.gov.ua/nft/fonts/e-Ukraine-Thin.woff]
[donate.thedigital.gov.ua/nft/_next/static/css/dcac5aca2903f13a.css]
[donate.thedigital.gov.ua/nft/_next/static/css/a419720239c70119.css]
[donate.thedigital.gov.ua/nft/_next/static/css/945bbcffd72811ef.css]
[donate.thedigital.gov.ua/nft/images/logo.svg]
[donate.thedigital.gov.ua/nft/images/external-link.svg]
[donate.thedigital.gov.ua/nft/images/ethereum.svg]
[donate.thedigital.gov.ua/nft/images/Collections/logo-1.svg]
[donate.thedigital.gov.ua/nft/images/Collections/logo-2.svg]
[donate.thedigital.gov.ua/nft/images/Collections/logo-3.svg]
[donate.thedigital.gov.ua/nft/images/Collections/logo-4.svg]
[donate.thedigital.gov.ua/nft/images/Collections/logo-5.svg]
[donate.thedigital.gov.ua/nft/images/Collections/logo-8.svg]
[donate.thedigital.gov.ua/nft/images/Collections/logo-6.svg]
[donate.thedigital.gov.ua/nft/images/Collections/logo-7.svg]
